---
ansible-navigator:
  playbook-artifact:
    enable: false
