---
users:
  - name: david
    job: developer
  - name: nancy
    job: manager
  - name: haley
    job: developer
